Run started at 2026-09-02T20:51:17.214776
✅ Done: saved to stv4.m3u
Channels sorted by priority list
sky premier legue: 1 channels
sky sports pl: 1 channels
sky sport nz: 7 channels
sky sport aq: 1 channels
sky sports football: 1 channels
sky premier: 1 channels
tnt sports 1: 2 channels
tnt sports 3: 1 channels
tnt sports aq: 1 channels
tnt sports 1 aq: 0 channels
premier sports 1: 1 channels
premier sports 2: 1 channels
peacock: 5 channels
peacock fhd aq: 0 channels
fubo sports: 7 channels
fubo sports aq: 0 channels
hub premier 1: 1 channels
usa network: 3 channels
bein sports: 14 channels
bein sports 1: 0 channels
bein sports 2: 0 channels
bein sports 3: 0 channels
paramount+ aq: 2 channels
paramount+ es aq: 0 channels
paramount+ pt aq: 0 channels
espn eng: 1 channels
espn deportes: 2 channels
fancode: 4 channels
fancode aq: 0 channels
formula 1: 6 channels
apple tv hdr: 0 channels
driver tracker: 0 channels
driver data: 0 channels
tsn 1 fhd: 0 channels
sky sports: 1 channels
sky f1 it: 0 channels
others: 95 channels
